\BOOKMARK [0][-]{chapter*.1}{\376\377\000A\000c\000k\000n\000o\000w\000l\000e\000d\000g\000e\000m\000e\000n\000t\000s}{}% 1
\BOOKMARK [0][-]{chapter*.2}{\376\377\000A\000b\000s\000t\000r\000a\000c\000t}{}% 2
\BOOKMARK [0][-]{chapter*.3}{\376\377\000R\000\351\000s\000u\000m\000\351}{}% 3
\BOOKMARK [0][-]{chapter*.4}{\376\377\000T\000a\000b\000l\000e\000\040\000d\000e\000s\000\040\000m\000a\000t\000i\000\350\000r\000e\000s}{}% 4
\BOOKMARK [0][-]{chapter*.5}{\376\377\000T\000a\000b\000l\000e\000\040\000d\000e\000s\000\040\000f\000i\000g\000u\000r\000e\000s}{}% 5
\BOOKMARK [0][-]{chapter*.6}{\376\377\000L\000i\000s\000t\000e\000\040\000d\000e\000s\000\040\000t\000a\000b\000l\000e\000a\000u\000x}{}% 6
\BOOKMARK [0][-]{chapter*.7}{\376\377\000L\000i\000s\000t\000e\000\040\000d\000e\000s\000\040\000a\000b\000r\000\351\000v\000i\000a\000t\000i\000o\000n\000s}{}% 7
\BOOKMARK [0][-]{chapter*.8}{\376\377\000G\000e\000n\000e\000r\000a\000l\000\040\000I\000n\000t\000r\000o\000d\000u\000c\000t\000i\000o\000n}{}% 8
\BOOKMARK [0][-]{chapter.9}{\376\377\000G\000e\000n\000e\000r\000a\000l\000\040\000C\000o\000n\000t\000e\000x\000t}{}% 9
\BOOKMARK [1][-]{section.10}{\376\377\000I\000n\000t\000r\000o\000d\000u\000c\000t\000i\000o\000n}{chapter.9}% 10
\BOOKMARK [1][-]{section.11}{\376\377\000H\000o\000s\000t\000\040\000O\000r\000g\000a\000n\000i\000z\000a\000t\000i\000o\000n\000:\000\040\000T\000h\000e\000\040\000I\000N\000S}{chapter.9}% 11
\BOOKMARK [2][-]{subsection.12}{\376\377\000H\000i\000s\000t\000o\000r\000y\000\040\000a\000n\000d\000\040\000S\000t\000a\000t\000u\000s}{section.11}% 12
\BOOKMARK [2][-]{subsection.13}{\376\377\000C\000o\000r\000e\000\040\000M\000a\000n\000d\000a\000t\000e\000\040\000a\000n\000d\000\040\000R\000e\000s\000p\000o\000n\000s\000i\000b\000i\000l\000i\000t\000i\000e\000s}{section.11}% 13
\BOOKMARK [2][-]{subsection.14}{\376\377\000O\000r\000g\000a\000n\000i\000z\000a\000t\000i\000o\000n\000a\000l\000\040\000S\000t\000r\000u\000c\000t\000u\000r\000e}{section.11}% 14
\BOOKMARK [1][-]{section.17}{\376\377\000P\000r\000o\000j\000e\000c\000t\000\040\000O\000v\000e\000r\000v\000i\000e\000w}{chapter.9}% 15
\BOOKMARK [2][-]{subsection.18}{\376\377\000A\000n\000a\000l\000y\000s\000i\000s\000\040\000o\000f\000\040\000t\000h\000e\000\040\000E\000x\000i\000s\000t\000i\000n\000g\000\040\000S\000y\000s\000t\000e\000m}{section.17}% 16
\BOOKMARK [2][-]{subsection.22}{\376\377\000P\000r\000o\000b\000l\000e\000m\000\040\000S\000t\000a\000t\000e\000m\000e\000n\000t}{section.17}% 17
\BOOKMARK [2][-]{subsection.23}{\376\377\000P\000r\000o\000p\000o\000s\000e\000d\000\040\000S\000o\000l\000u\000t\000i\000o\000n}{section.17}% 18
\BOOKMARK [2][-]{subsection.24}{\376\377\000C\000o\000m\000p\000a\000r\000i\000s\000o\000n\000\040\000w\000i\000t\000h\000\040\000E\000x\000i\000s\000t\000i\000n\000g\000\040\000S\000u\000r\000v\000e\000y\000\040\000P\000l\000a\000t\000f\000o\000r\000m\000s}{section.17}% 19
\BOOKMARK [1][-]{section.27}{\376\377\000P\000r\000e\000l\000i\000m\000i\000n\000a\000r\000y\000\040\000S\000t\000u\000d\000y\000\040\000a\000n\000d\000\040\000A\000r\000c\000h\000i\000t\000e\000c\000t\000u\000r\000a\000l\000\040\000C\000h\000o\000i\000c\000e\000s}{chapter.9}% 20
\BOOKMARK [1][-]{section.35}{\376\377\000C\000o\000n\000c\000l\000u\000s\000i\000o\000n}{chapter.9}% 21
\BOOKMARK [0][-]{chapter.36}{\376\377\000R\000e\000q\000u\000i\000r\000e\000m\000e\000n\000t\000s\000\040\000S\000p\000e\000c\000i\000f\000i\000c\000a\000t\000i\000o\000n}{}% 22
\BOOKMARK [1][-]{section.37}{\376\377\000I\000n\000t\000r\000o\000d\000u\000c\000t\000i\000o\000n}{chapter.36}% 23
\BOOKMARK [1][-]{section.38}{\376\377\000S\000y\000s\000t\000e\000m\000\040\000C\000o\000n\000t\000e\000x\000t}{chapter.36}% 24
\BOOKMARK [1][-]{section.39}{\376\377\000I\000d\000e\000n\000t\000i\000f\000i\000c\000a\000t\000i\000o\000n\000\040\000o\000f\000\040\000F\000u\000n\000c\000t\000i\000o\000n\000a\000l\000\040\000R\000e\000q\000u\000i\000r\000e\000m\000e\000n\000t\000s}{chapter.36}% 25
\BOOKMARK [1][-]{section.42}{\376\377\000I\000d\000e\000n\000t\000i\000f\000i\000c\000a\000t\000i\000o\000n\000\040\000o\000f\000\040\000N\000o\000n\000-\000F\000u\000n\000c\000t\000i\000o\000n\000a\000l\000\040\000R\000e\000q\000u\000i\000r\000e\000m\000e\000n\000t\000s}{chapter.36}% 26
\BOOKMARK [1][-]{section.43}{\376\377\000I\000d\000e\000n\000t\000i\000f\000i\000c\000a\000t\000i\000o\000n\000\040\000o\000f\000\040\000A\000c\000t\000o\000r\000s}{chapter.36}% 27
\BOOKMARK [1][-]{section.48}{\376\377\000G\000l\000o\000b\000a\000l\000\040\000U\000s\000e\000\040\000C\000a\000s\000e\000\040\000D\000i\000a\000g\000r\000a\000m}{chapter.36}% 28
\BOOKMARK [1][-]{section.51}{\376\377\000P\000r\000o\000d\000u\000c\000t\000\040\000B\000a\000c\000k\000l\000o\000g}{chapter.36}% 29
\BOOKMARK [1][-]{section.54}{\376\377\000W\000o\000r\000k\000\040\000E\000n\000v\000i\000r\000o\000n\000m\000e\000n\000t}{chapter.36}% 30
\BOOKMARK [2][-]{subsection.55}{\376\377\000D\000e\000s\000i\000g\000n\000\040\000M\000e\000t\000h\000o\000d\000o\000l\000o\000g\000y}{section.54}% 31
\BOOKMARK [2][-]{subsection.56}{\376\377\000S\000o\000f\000t\000w\000a\000r\000e\000\040\000E\000n\000v\000i\000r\000o\000n\000m\000e\000n\000t}{section.54}% 32
\BOOKMARK [3][-]{subsubsection.57}{\376\377\000D\000e\000v\000e\000l\000o\000p\000m\000e\000n\000t\000\040\000T\000o\000o\000l\000s}{subsection.56}% 33
\BOOKMARK [3][-]{subsubsection.60}{\376\377\000D\000a\000t\000a\000b\000a\000s\000e\000\040\000T\000o\000o\000l\000s}{subsection.56}% 34
\BOOKMARK [3][-]{subsubsection.63}{\376\377\000B\000a\000c\000k\000g\000r\000o\000u\000n\000d\000\040\000P\000r\000o\000c\000e\000s\000s\000i\000n\000g\000\040\000\046\000\040\000L\000i\000b\000r\000a\000r\000i\000e\000s}{subsection.56}% 35
\BOOKMARK [3][-]{subsubsection.69}{\376\377\000T\000e\000s\000t\000i\000n\000g\000\040\000a\000n\000d\000\040\000V\000a\000l\000i\000d\000a\000t\000i\000o\000n\000\040\000T\000o\000o\000l\000s}{subsection.56}% 36
\BOOKMARK [3][-]{subsubsection.72}{\376\377\000C\000o\000n\000c\000e\000p\000t\000i\000o\000n\000\040\000a\000n\000d\000\040\000M\000o\000d\000e\000l\000i\000n\000g\000\040\000T\000o\000o\000l\000s}{subsection.56}% 37
\BOOKMARK [3][-]{subsubsection.75}{\376\377\000C\000o\000l\000l\000a\000b\000o\000r\000a\000t\000i\000o\000n\000\040\000T\000o\000o\000l\000s}{subsection.56}% 38
\BOOKMARK [1][-]{section.78}{\376\377\000C\000o\000n\000c\000l\000u\000s\000i\000o\000n}{chapter.36}% 39
\BOOKMARK [0][-]{chapter.79}{\376\377\000S\000p\000r\000i\000n\000t\000\040\0000\000\040\040\023\000\040\000A\000u\000t\000h\000e\000n\000t\000i\000c\000a\000t\000i\000o\000n\000\040\000\046\000\040\000A\000d\000m\000i\000n\000i\000s\000t\000r\000a\000t\000i\000v\000e\000\040\000C\000o\000r\000e}{}% 40
\BOOKMARK [1][-]{section.80}{\376\377\000I\000n\000t\000r\000o\000d\000u\000c\000t\000i\000o\000n}{chapter.79}% 41
\BOOKMARK [1][-]{section.81}{\376\377\000S\000p\000r\000i\000n\000t\000\040\0000\000\040\000B\000a\000c\000k\000l\000o\000g\000\040\000I\000d\000e\000n\000t\000i\000f\000i\000c\000a\000t\000i\000o\000n}{chapter.79}% 42
\BOOKMARK [1][-]{section.84}{\376\377\000S\000p\000r\000i\000n\000t\000\040\0000\000\040\000R\000e\000f\000i\000n\000e\000m\000e\000n\000t}{chapter.79}% 43
\BOOKMARK [2][-]{subsection.85}{\376\377\000R\000e\000f\000i\000n\000e\000m\000e\000n\000t\000\040\000o\000f\000\040\000t\000h\000e\000\040\000U\000s\000e\000\040\000C\000a\000s\000e\000\040\000`\000`\000L\000o\000g\000i\000n\000'\000'}{section.84}% 44
\BOOKMARK [2][-]{subsection.90}{\376\377\000R\000e\000f\000i\000n\000e\000m\000e\000n\000t\000\040\000o\000f\000\040\000t\000h\000e\000\040\000U\000s\000e\000\040\000C\000a\000s\000e\000\040\000`\000`\000M\000a\000n\000a\000g\000e\000\040\000a\000d\000m\000i\000n\000s\000'\000'}{section.84}% 45
\BOOKMARK [2][-]{subsection.95}{\376\377\000R\000e\000f\000i\000n\000e\000m\000e\000n\000t\000\040\000o\000f\000\040\000t\000h\000e\000\040\000U\000s\000e\000\040\000C\000a\000s\000e\000\040\000`\000`\000M\000a\000n\000a\000g\000e\000\040\000c\000o\000n\000t\000a\000c\000t\000s\000'\000'}{section.84}% 46
\BOOKMARK [2][-]{subsection.100}{\376\377\000R\000e\000f\000i\000n\000e\000m\000e\000n\000t\000\040\000o\000f\000\040\000t\000h\000e\000\040\000U\000s\000e\000\040\000C\000a\000s\000e\000\040\000`\000`\000M\000a\000n\000a\000g\000e\000\040\000c\000o\000m\000p\000a\000n\000i\000e\000s\000'\000'}{section.84}% 47
\BOOKMARK [2][-]{subsection.105}{\376\377\000R\000e\000f\000i\000n\000e\000m\000e\000n\000t\000\040\000o\000f\000\040\000t\000h\000e\000\040\000U\000s\000e\000\040\000C\000a\000s\000e\000\040\000`\000`\000M\000a\000n\000a\000g\000e\000\040\000s\000u\000r\000v\000e\000y\000s\000'\000'}{section.84}% 48
\BOOKMARK [1][-]{section.110}{\376\377\000S\000p\000r\000i\000n\000t\000\040\0000\000\040\000C\000o\000n\000c\000e\000p\000t\000i\000o\000n}{chapter.79}% 49
\BOOKMARK [2][-]{subsection.111}{\376\377\000C\000l\000a\000s\000s\000\040\000D\000i\000a\000g\000r\000a\000m\000\040\040\023\000\040\000S\000p\000r\000i\000n\000t\000\040\0000\000\040\000C\000o\000r\000e\000\040\000D\000o\000m\000a\000i\000n}{section.110}% 50
\BOOKMARK [2][-]{subsection.114}{\376\377\000A\000c\000t\000i\000v\000i\000t\000y\000\040\000D\000i\000a\000g\000r\000a\000m\000\040\040\023\000\040\000U\000s\000e\000\040\000C\000a\000s\000e\000\040\000`\000`\000L\000o\000g\000i\000n\000'\000'}{section.110}% 51
\BOOKMARK [2][-]{subsection.117}{\376\377\000S\000e\000q\000u\000e\000n\000c\000e\000\040\000D\000i\000a\000g\000r\000a\000m\000\040\040\023\000\040\000U\000s\000e\000\040\000C\000a\000s\000e\000\040\000`\000`\000M\000a\000n\000a\000g\000e\000\040\000a\000d\000m\000i\000n\000s\000'\000'}{section.110}% 52
\BOOKMARK [2][-]{subsection.120}{\376\377\000S\000e\000q\000u\000e\000n\000c\000e\000\040\000D\000i\000a\000g\000r\000a\000m\000\040\040\023\000\040\000U\000s\000e\000\040\000C\000a\000s\000e\000\040\000`\000`\000M\000a\000n\000a\000g\000e\000\040\000c\000o\000n\000t\000a\000c\000t\000s\000'\000'}{section.110}% 53
\BOOKMARK [2][-]{subsection.123}{\376\377\000S\000e\000q\000u\000e\000n\000c\000e\000\040\000D\000i\000a\000g\000r\000a\000m\000\040\040\023\000\040\000U\000s\000e\000\040\000C\000a\000s\000e\000\040\000`\000`\000M\000a\000n\000a\000g\000e\000\040\000c\000o\000m\000p\000a\000n\000i\000e\000s\000'\000'}{section.110}% 54
\BOOKMARK [2][-]{subsection.126}{\376\377\000A\000c\000t\000i\000v\000i\000t\000y\000\040\000a\000n\000d\000\040\000S\000t\000a\000t\000e\000\040\000D\000i\000a\000g\000r\000a\000m\000s\000\040\040\023\000\040\000U\000s\000e\000\040\000C\000a\000s\000e\000\040\000`\000`\000M\000a\000n\000a\000g\000e\000\040\000s\000u\000r\000v\000e\000y\000s\000'\000'}{section.110}% 55
\BOOKMARK [1][-]{section.131}{\376\377\000S\000p\000r\000i\000n\000t\000\040\0000\000\040\000I\000m\000p\000l\000e\000m\000e\000n\000t\000a\000t\000i\000o\000n}{chapter.79}% 56
\BOOKMARK [2][-]{subsection.132}{\376\377\000L\000o\000g\000i\000n\000\040\000I\000n\000t\000e\000r\000f\000a\000c\000e}{section.131}% 57
\BOOKMARK [2][-]{subsection.139}{\376\377\000S\000e\000c\000u\000r\000i\000t\000y\000\040\000A\000r\000c\000h\000i\000t\000e\000c\000t\000u\000r\000e}{section.131}% 58
\BOOKMARK [2][-]{subsection.160}{\376\377\000M\000a\000n\000a\000g\000e\000\040\000a\000d\000m\000i\000n\000s\000\040\000I\000n\000t\000e\000r\000f\000a\000c\000e}{section.131}% 59
\BOOKMARK [2][-]{subsection.167}{\376\377\000M\000a\000n\000a\000g\000e\000\040\000c\000o\000n\000t\000a\000c\000t\000s\000\040\000I\000n\000t\000e\000r\000f\000a\000c\000e}{section.131}% 60
\BOOKMARK [2][-]{subsection.172}{\376\377\000M\000a\000n\000a\000g\000e\000\040\000c\000o\000m\000p\000a\000n\000i\000e\000s\000\040\000I\000n\000t\000e\000r\000f\000a\000c\000e}{section.131}% 61
\BOOKMARK [2][-]{subsection.204}{\376\377\000M\000a\000n\000a\000g\000e\000\040\000s\000u\000r\000v\000e\000y\000s\000\040\000I\000n\000t\000e\000r\000f\000a\000c\000e}{section.131}% 62
\BOOKMARK [1][-]{section.223}{\376\377\000S\000p\000r\000i\000n\000t\000\040\0000\000\040\000C\000o\000n\000c\000l\000u\000s\000i\000o\000n}{chapter.79}% 63
\BOOKMARK [0][-]{chapter.224}{\376\377\000S\000p\000r\000i\000n\000t\000\040\0001\000\040\040\023\000\040\000S\000u\000r\000v\000e\000y\000\040\000P\000o\000r\000t\000a\000l\000s\000\040\000\046\000\040\000A\000c\000c\000o\000u\000n\000t\000\040\000M\000a\000n\000a\000g\000e\000m\000e\000n\000t}{}% 64
\BOOKMARK [1][-]{section.225}{\376\377\000I\000n\000t\000r\000o\000d\000u\000c\000t\000i\000o\000n}{chapter.224}% 65
\BOOKMARK [1][-]{section.226}{\376\377\000S\000p\000r\000i\000n\000t\000\040\0001\000\040\000B\000a\000c\000k\000l\000o\000g}{chapter.224}% 66
\BOOKMARK [1][-]{section.229}{\376\377\000S\000p\000r\000i\000n\000t\000\040\0001\000\040\000R\000e\000f\000i\000n\000e\000m\000e\000n\000t}{chapter.224}% 67
\BOOKMARK [2][-]{subsection.230}{\376\377\000R\000e\000f\000i\000n\000e\000m\000e\000n\000t\000\040\000o\000f\000\040\000t\000h\000e\000\040\000U\000s\000e\000\040\000C\000a\000s\000e\000\040\000`\000`\000C\000o\000n\000s\000u\000l\000t\000\040\000a\000s\000s\000i\000g\000n\000e\000d\000\040\000s\000u\000r\000v\000e\000y\000s\000'\000'}{section.229}% 68
\BOOKMARK [2][-]{subsection.235}{\376\377\000R\000e\000f\000i\000n\000e\000m\000e\000n\000t\000\040\000o\000f\000\040\000t\000h\000e\000\040\000U\000s\000e\000\040\000C\000a\000s\000e\000\040\000`\000`\000C\000o\000n\000s\000u\000l\000t\000\040\000a\000s\000s\000i\000g\000n\000e\000d\000\040\000r\000e\000s\000u\000l\000t\000s\000'\000'}{section.229}% 69
\BOOKMARK [2][-]{subsection.240}{\376\377\000R\000e\000f\000i\000n\000e\000m\000e\000n\000t\000\040\000o\000f\000\040\000t\000h\000e\000\040\000U\000s\000e\000\040\000C\000a\000s\000e\000\040\000`\000`\000M\000a\000n\000a\000g\000e\000\040\000s\000y\000s\000t\000e\000m\000\040\000s\000e\000t\000t\000i\000n\000g\000s\000'\000'}{section.229}% 70
\BOOKMARK [2][-]{subsection.245}{\376\377\000R\000e\000f\000i\000n\000e\000m\000e\000n\000t\000\040\000o\000f\000\040\000t\000h\000e\000\040\000U\000s\000e\000\040\000C\000a\000s\000e\000\040\000`\000`\000M\000a\000n\000a\000g\000e\000\040\000l\000o\000c\000k\000e\000d\000\040\000a\000c\000c\000o\000u\000n\000t\000s\000'\000'}{section.229}% 71
\BOOKMARK [2][-]{subsection.250}{\376\377\000R\000e\000f\000i\000n\000e\000m\000e\000n\000t\000\040\000o\000f\000\040\000t\000h\000e\000\040\000U\000s\000e\000\040\000C\000a\000s\000e\000\040\000`\000`\000M\000a\000n\000a\000g\000e\000\040\000p\000r\000o\000f\000i\000l\000e\000'\000'}{section.229}% 72
\BOOKMARK [1][-]{section.255}{\376\377\000S\000p\000r\000i\000n\000t\000\040\0001\000\040\000C\000o\000n\000c\000e\000p\000t\000i\000o\000n}{chapter.224}% 73
\BOOKMARK [2][-]{subsection.256}{\376\377\000C\000l\000a\000s\000s\000\040\000D\000i\000a\000g\000r\000a\000m\000\040\040\023\000\040\000S\000p\000r\000i\000n\000t\000\040\0001\000\040\000C\000o\000r\000e\000\040\000D\000o\000m\000a\000i\000n}{section.255}% 74
\BOOKMARK [2][-]{subsection.259}{\376\377\000S\000e\000q\000u\000e\000n\000c\000e\000\040\000D\000i\000a\000g\000r\000a\000m\000\040\040\023\000\040\000U\000s\000e\000\040\000C\000a\000s\000e\000\040\000`\000`\000C\000o\000n\000s\000u\000l\000t\000\040\000a\000s\000s\000i\000g\000n\000e\000d\000\040\000s\000u\000r\000v\000e\000y\000s\000'\000'}{section.255}% 75
\BOOKMARK [2][-]{subsection.262}{\376\377\000S\000e\000q\000u\000e\000n\000c\000e\000\040\000D\000i\000a\000g\000r\000a\000m\000\040\040\023\000\040\000U\000s\000e\000\040\000C\000a\000s\000e\000\040\000`\000`\000C\000o\000n\000s\000u\000l\000t\000\040\000a\000s\000s\000i\000g\000n\000e\000d\000\040\000r\000e\000s\000u\000l\000t\000s\000'\000'}{section.255}% 76
\BOOKMARK [2][-]{subsection.265}{\376\377\000S\000e\000q\000u\000e\000n\000c\000e\000\040\000D\000i\000a\000g\000r\000a\000m\000\040\040\023\000\040\000U\000s\000e\000\040\000C\000a\000s\000e\000\040\000`\000`\000M\000a\000n\000a\000g\000e\000\040\000s\000y\000s\000t\000e\000m\000\040\000s\000e\000t\000t\000i\000n\000g\000s\000'\000'}{section.255}% 77
\BOOKMARK [2][-]{subsection.268}{\376\377\000S\000e\000q\000u\000e\000n\000c\000e\000\040\000D\000i\000a\000g\000r\000a\000m\000\040\040\023\000\040\000U\000s\000e\000\040\000C\000a\000s\000e\000\040\000`\000`\000M\000a\000n\000a\000g\000e\000\040\000l\000o\000c\000k\000e\000d\000\040\000a\000c\000c\000o\000u\000n\000t\000s\000'\000'}{section.255}% 78
\BOOKMARK [2][-]{subsection.271}{\376\377\000S\000t\000a\000t\000e\000\040\000D\000i\000a\000g\000r\000a\000m\000\040\040\023\000\040\000U\000s\000e\000\040\000C\000a\000s\000e\000\040\000`\000`\000M\000a\000n\000a\000g\000e\000\040\000l\000o\000c\000k\000e\000d\000\040\000a\000c\000c\000o\000u\000n\000t\000s\000'\000'}{section.255}% 79
\BOOKMARK [2][-]{subsection.274}{\376\377\000S\000e\000q\000u\000e\000n\000c\000e\000\040\000D\000i\000a\000g\000r\000a\000m\000\040\040\023\000\040\000U\000s\000e\000\040\000C\000a\000s\000e\000\040\000`\000`\000M\000a\000n\000a\000g\000e\000\040\000p\000r\000o\000f\000i\000l\000e\000'\000'}{section.255}% 80
\BOOKMARK [1][-]{section.277}{\376\377\000S\000p\000r\000i\000n\000t\000\040\0001\000\040\000I\000m\000p\000l\000e\000m\000e\000n\000t\000a\000t\000i\000o\000n}{chapter.224}% 81
\BOOKMARK [2][-]{subsection.278}{\376\377\000C\000o\000m\000p\000a\000n\000y\000\040\000C\000o\000n\000t\000a\000c\000t\000\040\000P\000o\000r\000t\000a\000l\000\040\000\046\000\040\000S\000u\000r\000v\000e\000y\000s}{section.277}% 82
\BOOKMARK [2][-]{subsection.285}{\376\377\000C\000o\000n\000s\000u\000l\000t\000\040\000A\000s\000s\000i\000g\000n\000e\000d\000\040\000R\000e\000s\000u\000l\000t\000s\000\040\000I\000n\000t\000e\000r\000f\000a\000c\000e}{section.277}% 83
\BOOKMARK [2][-]{subsection.288}{\376\377\000M\000a\000n\000a\000g\000e\000\040\000S\000y\000s\000t\000e\000m\000\040\000S\000e\000t\000t\000i\000n\000g\000s\000\040\000I\000n\000t\000e\000r\000f\000a\000c\000e}{section.277}% 84
\BOOKMARK [2][-]{subsection.291}{\376\377\000M\000a\000n\000a\000g\000e\000\040\000L\000o\000c\000k\000e\000d\000\040\000A\000c\000c\000o\000u\000n\000t\000s\000\040\000\046\000\040\000S\000e\000c\000u\000r\000i\000t\000y\000\040\000M\000o\000n\000i\000t\000o\000r\000i\000n\000g}{section.277}% 85
\BOOKMARK [2][-]{subsection.298}{\376\377\000M\000a\000n\000a\000g\000e\000\040\000P\000r\000o\000f\000i\000l\000e\000\040\000I\000n\000t\000e\000r\000f\000a\000c\000e}{section.277}% 86
\BOOKMARK [1][-]{section.303}{\376\377\000U\000U\000I\000D\000\040\000T\000o\000k\000e\000n\000\040\000A\000r\000c\000h\000i\000t\000e\000c\000t\000u\000r\000e\000\040\000\046\000\040\000S\000e\000c\000u\000r\000i\000t\000y\000\040\000A\000n\000a\000l\000y\000s\000i\000s}{chapter.224}% 87
\BOOKMARK [1][-]{section.350}{\376\377\000S\000p\000r\000i\000n\000t\000\040\0001\000\040\000C\000o\000n\000c\000l\000u\000s\000i\000o\000n}{chapter.224}% 88
\BOOKMARK [0][-]{chapter.351}{\376\377\000S\000p\000r\000i\000n\000t\000\040\0002\000\040\040\023\000\040\000N\000o\000t\000i\000f\000i\000c\000a\000t\000i\000o\000n\000\040\000E\000n\000g\000i\000n\000e\000\040\000\046\000\040\000S\000y\000s\000t\000e\000m\000i\000c\000\040\000A\000u\000d\000i\000t\000i\000n\000g}{}% 89
\BOOKMARK [1][-]{section.352}{\376\377\000I\000n\000t\000r\000o\000d\000u\000c\000t\000i\000o\000n}{chapter.351}% 90
\BOOKMARK [1][-]{section.353}{\376\377\000S\000p\000r\000i\000n\000t\000\040\0002\000\040\000B\000a\000c\000k\000l\000o\000g}{chapter.351}% 91
\BOOKMARK [1][-]{section.356}{\376\377\000S\000p\000r\000i\000n\000t\000\040\0002\000\040\000R\000e\000f\000i\000n\000e\000m\000e\000n\000t}{chapter.351}% 92
\BOOKMARK [2][-]{subsection.357}{\376\377\000R\000e\000f\000i\000n\000e\000m\000e\000n\000t\000\040\000o\000f\000\040\000t\000h\000e\000\040\000U\000s\000e\000\040\000C\000a\000s\000e\000\040\000`\000`\000C\000o\000n\000s\000u\000l\000t\000\040\000n\000o\000t\000i\000f\000i\000c\000a\000t\000i\000o\000n\000s\000'\000'}{section.356}% 93
\BOOKMARK [2][-]{subsection.362}{\376\377\000R\000e\000f\000i\000n\000e\000m\000e\000n\000t\000\040\000o\000f\000\040\000t\000h\000e\000\040\000U\000s\000e\000\040\000C\000a\000s\000e\000\040\000`\000`\000C\000o\000n\000s\000u\000l\000t\000\040\000a\000u\000d\000i\000t\000\040\000l\000o\000g\000s\000'\000'}{section.356}% 94
\BOOKMARK [1][-]{section.367}{\376\377\000S\000p\000r\000i\000n\000t\000\040\0002\000\040\000C\000o\000n\000c\000e\000p\000t\000i\000o\000n}{chapter.351}% 95
\BOOKMARK [2][-]{subsection.368}{\376\377\000C\000l\000a\000s\000s\000\040\000D\000i\000a\000g\000r\000a\000m\000\040\040\023\000\040\000S\000p\000r\000i\000n\000t\000\040\0002\000\040\000C\000o\000r\000e\000\040\000D\000o\000m\000a\000i\000n}{section.367}% 96
\BOOKMARK [2][-]{subsection.371}{\376\377\000A\000c\000t\000i\000v\000i\000t\000y\000\040\000D\000i\000a\000g\000r\000a\000m\000\040\040\023\000\040\000U\000s\000e\000\040\000C\000a\000s\000e\000\040\000`\000`\000C\000o\000n\000s\000u\000l\000t\000\040\000n\000o\000t\000i\000f\000i\000c\000a\000t\000i\000o\000n\000s\000'\000'}{section.367}% 97
\BOOKMARK [2][-]{subsection.374}{\376\377\000S\000t\000a\000t\000e\000\040\000D\000i\000a\000g\000r\000a\000m\000\040\040\023\000\040\000N\000o\000t\000i\000f\000i\000c\000a\000t\000i\000o\000n\000\040\000L\000i\000f\000e\000\040\000C\000y\000c\000l\000e}{section.367}% 98
\BOOKMARK [2][-]{subsection.377}{\376\377\000S\000e\000q\000u\000e\000n\000c\000e\000\040\000D\000i\000a\000g\000r\000a\000m\000\040\040\023\000\040\000U\000s\000e\000\040\000C\000a\000s\000e\000\040\000`\000`\000C\000o\000n\000s\000u\000l\000t\000\040\000a\000u\000d\000i\000t\000\040\000l\000o\000g\000s\000'\000'}{section.367}% 99
\BOOKMARK [1][-]{section.380}{\376\377\000S\000p\000r\000i\000n\000t\000\040\0002\000\040\000I\000m\000p\000l\000e\000m\000e\000n\000t\000a\000t\000i\000o\000n}{chapter.351}% 100
\BOOKMARK [2][-]{subsection.381}{\376\377\000C\000o\000n\000s\000u\000l\000t\000\040\000N\000o\000t\000i\000f\000i\000c\000a\000t\000i\000o\000n\000s\000\040\000I\000n\000t\000e\000r\000f\000a\000c\000e}{section.380}% 101
\BOOKMARK [2][-]{subsection.401}{\376\377\000C\000o\000n\000s\000u\000l\000t\000\040\000A\000u\000d\000i\000t\000\040\000L\000o\000g\000s\000\040\000I\000n\000t\000e\000r\000f\000a\000c\000e}{section.380}% 102
\BOOKMARK [1][-]{section.404}{\376\377\000T\000e\000s\000t\000i\000n\000g\000\040\000a\000n\000d\000\040\000S\000y\000s\000t\000e\000m\000\040\000V\000a\000l\000i\000d\000a\000t\000i\000o\000n}{chapter.351}% 103
\BOOKMARK [2][-]{subsection.405}{\376\377\000T\000e\000s\000t\000\040\000S\000t\000r\000a\000t\000e\000g\000y}{section.404}% 104
\BOOKMARK [2][-]{subsection.408}{\376\377\000T\000e\000s\000t\000\040\000C\000a\000s\000e\000s\000\040\000a\000n\000d\000\040\000R\000e\000s\000u\000l\000t\000s}{section.404}% 105
\BOOKMARK [2][-]{subsection.411}{\376\377\000P\000e\000r\000f\000o\000r\000m\000a\000n\000c\000e\000\040\000a\000n\000d\000\040\000S\000t\000r\000e\000s\000s\000\040\000T\000e\000s\000t\000\040\000V\000e\000r\000i\000f\000i\000c\000a\000t\000i\000o\000n}{section.404}% 106
\BOOKMARK [1][-]{section.412}{\376\377\000S\000p\000r\000i\000n\000t\000\040\0002\000\040\000C\000o\000n\000c\000l\000u\000s\000i\000o\000n}{chapter.351}% 107
\BOOKMARK [0][-]{chapter*.413}{\376\377\000G\000e\000n\000e\000r\000a\000l\000\040\000C\000o\000n\000c\000l\000u\000s\000i\000o\000n}{}% 108
\BOOKMARK [0][-]{Item.424}{\376\377\000B\000i\000b\000l\000i\000o\000g\000r\000a\000p\000h\000y}{}% 109
